// Jest Snapshot v1, https://goo.gl/fbAQLP

exports[`buildTest builds a test from a workflow 1`] = `
"const { launch } = require(\\"qawolf\\");
const selectors = require(\\"../selectors/scroll_login\\");

describe('scroll_login', () => {
  let browser;

  beforeAll(async () => {
    browser = await launch({ url: \\"localhost:5000\\" });
  });

  afterAll(() => browser.close());

  it('can scroll', async () => {
    await browser.scroll(selectors[0], { x: 0, y: 378 });
  });

  it('can click \\"Form Authentication\\" link', async () => {
    await browser.click(selectors[1]);
  });

  it('can type into \\"Username\\" input', async () => {
    await browser.type(selectors[2], \\"tomsmith\\");
  });

  it('can Tab', async () => {
    await browser.type(selectors[3], \\"↓Tab↑Tab\\");
  });

  it('can type into \\"Password\\" input', async () => {
    await browser.type(selectors[4], \\"SuperSecretPassword!\\");
  });

  it('can Enter', async () => {
    await browser.type(selectors[5], \\"↓Enter↑Enter\\");
  });

  it('can click \\"Logout\\" link', async () => {
    await browser.click(selectors[6]);
  });
});"
`;
