// Jest Snapshot v1, https://goo.gl/fbAQLP

exports[`PatchBuilder.buildPatch builds a patch for non-included steps: buildPatch_script0 1`] = `
Object {
  "code": "// scroll
await browser.scroll(selectors[0], { x: 0, y: 378 });
// click \\"Form Authentication\\" link
await browser.click(selectors[1]);
// click \\"Username\\" input
await browser.click(selectors[2]);
// üê∫ CREATE CODE HERE",
  "selectors": Array [
    0,
    1,
    2,
  ],
}
`;

exports[`PatchBuilder.buildPatch builds a patch for non-included steps: buildPatch_script1 1`] = `
Object {
  "code": "// type into \\"Username\\" input
await browser.type(selectors[3], \\"tomsmith\\");
// Tab
await browser.type(selectors[4], \\"‚ÜìTab‚ÜëTab\\");
// type into \\"Password\\" input
await browser.type(selectors[5], \\"SuperSecretPassword!\\");
// Enter
await browser.type(selectors[6], \\"‚ÜìEnter‚ÜëEnter\\");
// click \\"Logout\\" link
await browser.click(selectors[7]);
// üê∫ CREATE CODE HERE",
  "selectors": Array [
    3,
    4,
    5,
    6,
    7,
  ],
}
`;

exports[`PatchBuilder.buildPatch builds a patch for non-included steps: buildPatch_test0 1`] = `
Object {
  "code": "
it('can scroll', async () => {
  await browser.scroll(selectors[0], { x: 0, y: 378 });
});

it('can click \\"Form Authentication\\" link', async () => {
  await browser.click(selectors[1]);
});

it('can click \\"Username\\" input', async () => {
  await browser.click(selectors[2]);
});
// üê∫ CREATE CODE HERE",
  "selectors": Array [
    0,
    1,
    2,
  ],
}
`;

exports[`PatchBuilder.buildPatch builds a patch for non-included steps: buildPatch_test1 1`] = `
Object {
  "code": "
it('can type into \\"Username\\" input', async () => {
  await browser.type(selectors[3], \\"tomsmith\\");
});

it('can Tab', async () => {
  await browser.type(selectors[4], \\"‚ÜìTab‚ÜëTab\\");
});

it('can type into \\"Password\\" input', async () => {
  await browser.type(selectors[5], \\"SuperSecretPassword!\\");
});

it('can Enter', async () => {
  await browser.type(selectors[6], \\"‚ÜìEnter‚ÜëEnter\\");
});

it('can click \\"Logout\\" link', async () => {
  await browser.click(selectors[7]);
});
// üê∫ CREATE CODE HERE",
  "selectors": Array [
    3,
    4,
    5,
    6,
    7,
  ],
}
`;
