// Jest Snapshot v1, https://goo.gl/fbAQLP

exports[`browser tests buildCues builds cues for a target 1`] = `
Array [
  Object {
    "level": 0,
    "type": "attribute",
    "value": "[data-qa=\\"html-checkbox\\"]",
  },
  Object {
    "level": 0,
    "type": "id",
    "value": "#single",
  },
  Object {
    "level": 0,
    "type": "tag",
    "value": "input",
  },
  Object {
    "level": 1,
    "type": "class",
    "value": ".container",
  },
  Object {
    "level": 1,
    "type": "tag",
    "value": "div",
  },
  Object {
    "level": 2,
    "type": "tag",
    "value": "div",
  },
  Object {
    "level": 3,
    "type": "id",
    "value": "#root",
  },
  Object {
    "level": 3,
    "type": "tag",
    "value": "div",
  },
  Object {
    "level": 4,
    "type": "tag",
    "value": "body",
  },
  Object {
    "level": 5,
    "type": "tag",
    "value": "html",
  },
]
`;
