// Jest Snapshot v1, https://goo.gl/fbAQLP

exports[`buildScrollSteps builds expected steps 1`] = `
Array [
  Object {
    "action": "scroll",
    "html": Object {
      "ancestors": Array [],
      "node": Object {
        "attrs": Object {},
        "children": Array [],
        "name": "html",
        "type": "tag",
        "voidElement": true,
      },
    },
    "index": 25,
    "isFinal": true,
    "page": 0,
    "value": Object {
      "x": 0,
      "y": 378,
    },
  },
]
`;
