// Jest Snapshot v1, https://goo.gl/fbAQLP

exports[`buildSelectSteps builds expected steps 1`] = `
Array [
  Object {
    "action": "select",
    "cssSelector": undefined,
    "html": Object {
      "ancestors": Array [
        Object {
          "attrs": Object {
            "class": "example",
          },
          "children": Array [],
          "name": "div",
          "type": "tag",
          "voidElement": false,
        },
        Object {
          "attrs": Object {
            "class": "large-12 columns",
            "id": "content",
          },
          "children": Array [],
          "name": "div",
          "type": "tag",
          "voidElement": false,
        },
      ],
      "node": Object {
        "attrs": Object {
          "id": "dropdown",
          "innertext": "Please select an option Option 1 Option 2",
        },
        "children": Array [
          Object {
            "content": "      ",
            "type": "text",
          },
          Object {
            "attrs": Object {
              "disabled": "disabled",
              "selected": "selected",
              "value": "",
            },
            "children": Array [
              Object {
                "content": "Please select an option",
                "type": "text",
              },
            ],
            "name": "option",
            "type": "tag",
            "voidElement": false,
          },
          Object {
            "attrs": Object {
              "value": "1",
            },
            "children": Array [
              Object {
                "content": "Option 1",
                "type": "text",
              },
            ],
            "name": "option",
            "type": "tag",
            "voidElement": false,
          },
          Object {
            "attrs": Object {
              "value": "2",
            },
            "children": Array [
              Object {
                "content": "Option 2",
                "type": "text",
              },
            ],
            "name": "option",
            "type": "tag",
            "voidElement": false,
          },
        ],
        "name": "select",
        "type": "tag",
        "voidElement": false,
      },
    },
    "index": 1,
    "page": 0,
    "value": "2",
  },
]
`;
