// Jest Snapshot v1, https://goo.gl/fbAQLP

exports[`buildSteps builds expected steps 1`] = `
Array [
  Object {
    "action": "scroll",
    "html": Object {
      "ancestors": Array [],
      "node": Object {
        "attrs": Object {},
        "children": Array [],
        "name": "html",
        "type": "tag",
        "voidElement": true,
      },
    },
    "index": 0,
    "page": 0,
    "value": Object {
      "x": 0,
      "y": 118,
    },
  },
  Object {
    "action": "click",
    "html": Object {
      "ancestors": Array [
        Object {
          "attrs": Object {},
          "children": Array [],
          "name": "li",
          "type": "tag",
          "voidElement": false,
        },
        Object {
          "attrs": Object {},
          "children": Array [],
          "name": "ul",
          "type": "tag",
          "voidElement": false,
        },
      ],
      "node": Object {
        "attrs": Object {
          "href": "/login",
          "innertext": "Form Authentication",
        },
        "children": Array [
          Object {
            "content": "Form Authentication",
            "type": "text",
          },
        ],
        "name": "a",
        "type": "tag",
        "voidElement": false,
      },
    },
    "index": 1,
    "page": 0,
  },
  Object {
    "action": "type",
    "html": Object {
      "ancestors": Array [
        Object {
          "attrs": Object {
            "class": "large-6 small-12 columns",
          },
          "children": Array [],
          "name": "div",
          "type": "tag",
          "voidElement": false,
        },
        Object {
          "attrs": Object {
            "class": "row",
          },
          "children": Array [],
          "name": "div",
          "type": "tag",
          "voidElement": false,
        },
      ],
      "node": Object {
        "attrs": Object {
          "id": "username",
          "labels": "Username",
          "name": "username",
          "type": "text",
        },
        "children": Array [],
        "name": "input",
        "type": "tag",
        "voidElement": true,
      },
    },
    "index": 2,
    "page": 0,
    "value": "↓KeyT↑KeyT↓KeyO↑KeyO↓KeyM↑KeyM↓KeyS↑KeyS↓KeyM↑KeyM↓KeyI↑KeyI↓KeyT↑KeyT↓KeyH↑KeyH",
  },
  Object {
    "action": "type",
    "html": Object {
      "ancestors": Array [
        Object {
          "attrs": Object {
            "class": "large-6 small-12 columns",
          },
          "children": Array [],
          "name": "div",
          "type": "tag",
          "voidElement": false,
        },
        Object {
          "attrs": Object {
            "class": "row",
          },
          "children": Array [],
          "name": "div",
          "type": "tag",
          "voidElement": false,
        },
      ],
      "node": Object {
        "attrs": Object {
          "id": "username",
          "labels": "Username",
          "name": "username",
          "type": "text",
        },
        "children": Array [],
        "name": "input",
        "type": "tag",
        "voidElement": true,
      },
    },
    "index": 3,
    "page": 0,
    "value": "↓Tab↑Tab",
  },
  Object {
    "action": "type",
    "html": Object {
      "ancestors": Array [
        Object {
          "attrs": Object {
            "class": "large-6 small-12 columns",
          },
          "children": Array [],
          "name": "div",
          "type": "tag",
          "voidElement": false,
        },
        Object {
          "attrs": Object {
            "class": "row",
          },
          "children": Array [],
          "name": "div",
          "type": "tag",
          "voidElement": false,
        },
      ],
      "node": Object {
        "attrs": Object {
          "id": "password",
          "labels": "Password",
          "name": "password",
          "type": "password",
        },
        "children": Array [],
        "name": "input",
        "type": "tag",
        "voidElement": true,
      },
    },
    "index": 4,
    "page": 0,
    "value": "SuperSecretPassword!",
  },
  Object {
    "action": "type",
    "html": Object {
      "ancestors": Array [
        Object {
          "attrs": Object {
            "class": "large-6 small-12 columns",
          },
          "children": Array [],
          "name": "div",
          "type": "tag",
          "voidElement": false,
        },
        Object {
          "attrs": Object {
            "class": "row",
          },
          "children": Array [],
          "name": "div",
          "type": "tag",
          "voidElement": false,
        },
      ],
      "node": Object {
        "attrs": Object {
          "id": "password",
          "labels": "Password",
          "name": "password",
          "type": "password",
        },
        "children": Array [],
        "name": "input",
        "type": "tag",
        "voidElement": true,
      },
    },
    "index": 5,
    "page": 0,
    "value": "↓Enter↑Enter",
  },
  Object {
    "action": "click",
    "html": Object {
      "ancestors": Array [
        Object {
          "attrs": Object {
            "class": "example",
          },
          "children": Array [],
          "name": "div",
          "type": "tag",
          "voidElement": false,
        },
        Object {
          "attrs": Object {
            "class": "large-12 columns",
            "id": "content",
          },
          "children": Array [],
          "name": "div",
          "type": "tag",
          "voidElement": false,
        },
      ],
      "node": Object {
        "attrs": Object {
          "class": "button secondary radius",
          "href": "/logout",
          "innertext": "Logout",
        },
        "children": Array [
          Object {
            "attrs": Object {
              "class": "icon-2x icon-signout",
            },
            "children": Array [
              Object {
                "content": " Logout",
                "type": "text",
              },
            ],
            "name": "i",
            "type": "tag",
            "voidElement": false,
          },
        ],
        "name": "a",
        "type": "tag",
        "voidElement": false,
      },
    },
    "index": 6,
    "page": 0,
  },
]
`;
