// Jest Snapshot v1, https://goo.gl/fbAQLP

exports[`replacePasteEvents replaces CMD+V shortcuts with key events 1`] = `
Array [
  "↓Shift",
  "↓KeyS",
  "↑KeyS",
  "↑Shift",
  "↓KeyU",
  "↑KeyU",
  "↓KeyP",
  "↑KeyP",
  "↓KeyE",
  "↑KeyE",
  "↓KeyR",
  "↑KeyR",
  "↓Shift",
  "↓KeyS",
  "↑KeyS",
  "↑Shift",
  "↓KeyE",
  "↑KeyE",
  "↓KeyC",
  "↑KeyC",
  "↓KeyR",
  "↑KeyR",
  "↓KeyE",
  "↑KeyE",
  "↓KeyT",
  "↑KeyT",
  "↓Shift",
  "↓KeyP",
  "↑KeyP",
  "↑Shift",
  "↓KeyA",
  "↑KeyA",
  "↓KeyS",
  "↑KeyS",
  "↓KeyS",
  "↑KeyS",
  "↓KeyW",
  "↑KeyW",
  "↓KeyO",
  "↑KeyO",
  "↓KeyR",
  "↑KeyR",
  "↓KeyD",
  "↑KeyD",
  "↓Shift",
  "↓Digit1",
  "↑Digit1",
  "↑Shift",
  "↓MetaLeft",
  "↓KeyA",
  "↑MetaLeft",
  "↓Backspace",
  "↑Backspace",
  "↓KeyT",
  "↑KeyT",
  "↓KeyO",
  "↑KeyO",
  "↓KeyM",
  "↑KeyM",
  "↓KeyS",
  "↑KeyS",
  "↓KeyM",
  "↑KeyM",
  "↓KeyI",
  "↑KeyI",
  "↓KeyT",
  "↑KeyT",
  "↓KeyH",
  "↑KeyH",
  "↓Shift",
  "↓KeyS",
  "↑KeyS",
  "↑Shift",
  "↓KeyU",
  "↑KeyU",
  "↓KeyP",
  "↑KeyP",
  "↓KeyE",
  "↑KeyE",
  "↓KeyR",
  "↑KeyR",
  "↓Shift",
  "↓KeyS",
  "↑KeyS",
  "↑Shift",
  "↓KeyE",
  "↑KeyE",
  "↓KeyC",
  "↑KeyC",
  "↓KeyR",
  "↑KeyR",
  "↓KeyE",
  "↑KeyE",
  "↓KeyT",
  "↑KeyT",
  "↓Shift",
  "↓KeyP",
  "↑KeyP",
  "↑Shift",
  "↓KeyA",
  "↑KeyA",
  "↓KeyS",
  "↑KeyS",
  "↓KeyS",
  "↑KeyS",
  "↓KeyW",
  "↑KeyW",
  "↓KeyO",
  "↑KeyO",
  "↓KeyR",
  "↑KeyR",
  "↓KeyD",
  "↑KeyD",
  "↓Shift",
  "↓Digit1",
  "↑Digit1",
  "↑Shift",
]
`;
